23:46:29 **** Incremental Build of configuration Debug for project ScratSTMPONOVO ****
make -j8 all 
arm-none-eabi-gcc "../Core/Src/main.c" -mcpu=cortex-m4 -std=gnu11 -g3 -DUSE_HAL_DRIVER -DSTM32F401xE -DDEBUG -c -I../Drivers/CMSIS/Include -I../Drivers/STM32F4xx_HAL_Driver/Inc -I../Core/Inc -I../Drivers/CMSIS/Device/ST/STM32F4xx/Include -I../Drivers/STM32F4xx_HAL_Driver/Inc/Legacy -O0 -ffunction-sections -fdata-sections -Wall -fstack-usage -MMD -MP -MF"Core/Src/main.d" -MT"Core/Src/main.o" --specs=nano.specs -mfpu=fpv4-sp-d16 -mfloat-abi=hard -mthumb -o "Core/Src/main.o"
arm-none-eabi-gcc -o "ScratSTMPONOVO.elf" @"objects.list"   -mcpu=cortex-m4 -T"C:\Users\Andrej\Desktop\ScratEurobot\STM32F401RE_STMIDE1.20\ScratSTMPONOVO\STM32F401RETX_FLASH.ld" --specs=nosys.specs -Wl,-Map="ScratSTMPONOVO.map" -Wl,--gc-sections -static --specs=nano.specs -mfpu=fpv4-sp-d16 -mfloat-abi=hard -mthumb -Wl,--start-group -lc -lm -Wl,--end-group
Finished building target: ScratSTMPONOVO.elf
 
arm-none-eabi-objdump -h -S  ScratSTMPONOVO.elf  > "ScratSTMPONOVO.list"
arm-none-eabi-objcopy  -O binary  ScratSTMPONOVO.elf  "ScratSTMPONOVO.bin"
arm-none-eabi-size   ScratSTMPONOVO.elf 
   text	   data	    bss	    dec	    hex	filename
   4924	     20	   1572	   6516	   1974	ScratSTMPONOVO.elf
Finished building: default.size.stdout
 
Finished building: ScratSTMPONOVO.list
Finished building: ScratSTMPONOVO.bin
 
 
23:46:50 **** Incremental Build of configuration Debug for project ScratSTMPONOVO ****
make -j8 all 
arm-none-eabi-size   ScratSTMPONOVO.elf 
   text	   data	    bss	    dec	    hex	filename
   4924	     20	   1572	   6516	   1974	ScratSTMPONOVO.elf
Finished building: default.size.stdout
 
23:48:30 **** Incremental Build of configuration Debug for project ScratSTMPONOVO ****
make -j8 all 
arm-none-eabi-gcc "../Core/Src/main.c" -mcpu=cortex-m4 -std=gnu11 -g3 -DUSE_HAL_DRIVER -DSTM32F401xE -DDEBUG -c -I../Drivers/CMSIS/Include -I../Drivers/STM32F4xx_HAL_Driver/Inc -I../Core/Inc -I../Drivers/CMSIS/Device/ST/STM32F4xx/Include -I../Drivers/STM32F4xx_HAL_Driver/Inc/Legacy -O0 -ffunction-sections -fdata-sections -Wall -fstack-usage -MMD -MP -MF"Core/Src/main.d" -MT"Core/Src/main.o" --specs=nano.specs -mfpu=fpv4-sp-d16 -mfloat-abi=hard -mthumb -o "Core/Src/main.o"
arm-none-eabi-gcc -o "ScratSTMPONOVO.elf" @"objects.list"   -mcpu=cortex-m4 -T"C:\Users\Andrej\Desktop\ScratEurobot\STM32F401RE_STMIDE1.20\ScratSTMPONOVO\STM32F401RETX_FLASH.ld" --specs=nosys.specs -Wl,-Map="ScratSTMPONOVO.map" -Wl,--gc-sections -static --specs=nano.specs -mfpu=fpv4-sp-d16 -mfloat-abi=hard -mthumb -Wl,--start-group -lc -lm -Wl,--end-group
Finished building target: ScratSTMPONOVO.elf
 
arm-none-eabi-objdump -h -S  ScratSTMPONOVO.elf  > "ScratSTMPONOVO.list"
arm-none-eabi-objcopy  -O binary  ScratSTMPONOVO.elf  "ScratSTMPONOVO.bin"
arm-none-eabi-size   ScratSTMPONOVO.elf 
   text	   data	    bss	    dec	    hex	filename
   4924	     20	   1572	   6516	   1974	ScratSTMPONOVO.elf
Finished building: default.size.stdout
 
Finished building: ScratSTMPONOVO.list
Finished building: ScratSTMPONOVO.bin
 
 
23:49:27 **** Incremental Build of configuration Debug for project ScratSTMPONOVO ****
make -j8 all 
arm-none-eabi-gcc "../Core/Src/main.c" -mcpu=cortex-m4 -std=gnu11 -g3 -DUSE_HAL_DRIVER -DSTM32F401xE -DDEBUG -c -I../Drivers/CMSIS/Include -I../Drivers/STM32F4xx_HAL_Driver/Inc -I../Core/Inc -I../Drivers/CMSIS/Device/ST/STM32F4xx/Include -I../Drivers/STM32F4xx_HAL_Driver/Inc/Legacy -O0 -ffunction-sections -fdata-sections -Wall -fstack-usage -MMD -MP -MF"Core/Src/main.d" -MT"Core/Src/main.o" --specs=nano.specs -mfpu=fpv4-sp-d16 -mfloat-abi=hard -mthumb -o "Core/Src/main.o"
arm-none-eabi-gcc "../Core/Lib/TestInterrupt/TestInterruptGPIO/GPIOInterrupt.c" -mcpu=cortex-m4 -std=gnu11 -g3 -DUSE_HAL_DRIVER -DSTM32F401xE -DDEBUG -c -I../Drivers/CMSIS/Include -I../Drivers/STM32F4xx_HAL_Driver/Inc -I../Core/Inc -I../Drivers/CMSIS/Device/ST/STM32F4xx/Include -I../Drivers/STM32F4xx_HAL_Driver/Inc/Legacy -O0 -ffunction-sections -fdata-sections -Wall -fstack-usage -MMD -MP -MF"Core/Lib/TestInterrupt/TestInterruptGPIO/GPIOInterrupt.d" -MT"Core/Lib/TestInterrupt/TestInterruptGPIO/GPIOInterrupt.o" --specs=nano.specs -mfpu=fpv4-sp-d16 -mfloat-abi=hard -mthumb -o "Core/Lib/TestInterrupt/TestInterruptGPIO/GPIOInterrupt.o"
arm-none-eabi-gcc -o "ScratSTMPONOVO.elf" @"objects.list"   -mcpu=cortex-m4 -T"C:\Users\Andrej\Desktop\ScratEurobot\STM32F401RE_STMIDE1.20\ScratSTMPONOVO\STM32F401RETX_FLASH.ld" --specs=nosys.specs -Wl,-Map="ScratSTMPONOVO.map" -Wl,--gc-sections -static --specs=nano.specs -mfpu=fpv4-sp-d16 -mfloat-abi=hard -mthumb -Wl,--start-group -lc -lm -Wl,--end-group
Finished building target: ScratSTMPONOVO.elf
 
arm-none-eabi-objdump -h -S  ScratSTMPONOVO.elf  > "ScratSTMPONOVO.list"
arm-none-eabi-objcopy  -O binary  ScratSTMPONOVO.elf  "ScratSTMPONOVO.bin"
arm-none-eabi-size   ScratSTMPONOVO.elf 
   text	   data	    bss	    dec	    hex	filename
   4924	     20	   1572	   6516	   1974	ScratSTMPONOVO.elf
Finished building: default.size.stdout
Finished building: ScratSTMPONOVO.list
Finished building: ScratSTMPONOVO.bin
 
 
 
